// Jest Snapshot v1, https://goo.gl/fbAQLP

exports[`renders correctly 1`] = `
<div
  className="fade alert alert-primary show"
  role="alert"
>
  встречать
</div>
`;
